// Jest Snapshot v1, https://goo.gl/fbAQLP

exports[`Prubas con el componente <GifExpertApp/> Deeberia renderizar el componente adecuadaamente 1`] = `
<Fragment>
  <h2>
    GifExpertApp
  </h2>
  <AddCategory
    setCategories={[Function]}
  />
  <hr />
  <ol>
    <GifGrid
      category="One Punch"
      key="One Punch"
    />
  </ol>
</Fragment>
`;
